before
error: array index 9 out of range (length 2)
  --> tests/output/backtrace.ngpl:6:12
    |
  6 |     values[n]
    |            ^
  7 | 
    |
backtrace (innermost call first):
  #0 innermost at tests/output/backtrace.ngpl:6:11
  #1 middle at tests/output/backtrace.ngpl:9:14
  #2 outer at tests/output/backtrace.ngpl:12:11
  #3 main at tests/output/backtrace.ngpl:17:26
