warning: this statement cannot be reached: the one above it does not come back
  --> tests/output/exit_code.ngpl:13:8
    |
 13 |     std.println("unreachable")
    |        ^
 14 | 
    |
warning: this statement cannot be reached: the one above it does not come back
  --> tests/output/exit_code.ngpl:19:8
    |
 19 |     std.println("also unreachable")
    |        ^
 20 |     0
    |
quitting
