error: the module tests/output/import/lib.ngpl does not let others name 'hidden'; @export says what leaves a module
  --> tests/output/module_not_exported.ngpl:7:26
    |
  7 |     std.println("{}", lib.hidden(1))
    |                          ^
  8 | // What the module_* output tests import.  Not a test of its own.
    |
