warning: a return type of ∅ says what leaving it off says; the shorter form is the one to use
  --> tests/output/return_type_void_warning.ngpl:25:19
    |
 25 |     fn show(self) → ∅:
    |                   ^^^
 26 |         std.println("counter {}", self.n)
    |
warning: a return type of ∅ says what leaving it off says; the shorter form is the one to use
  --> tests/output/return_type_void_warning.ngpl:10:26
    |
 10 | fn long_form(name : str) → ∅:
    |                          ^^^
 11 |     std.println("b: {}", name)
    |
a: x
b: y
5
a: z
∅
counter 3
