error: in f: the value of this statement is not used; it computes something and nothing reads it, so write '_ ← …' where the value is meant to be dropped, or name a return type where it was meant to be handed back
  --> tests/output/static_trailing_value.ngpl:7:5
    |
  7 |     1
    |     ^
  8 | 
    |
