error: 't': a binding with no type written down settles on 'int', which is an arbitrary-precision type the bootstrap implementation does not provide; state a sized type, as 'let t : (i64, str) = …'
  --> tests/output/untyped_tuple_binding.ngpl:8:18
    |
  8 |     let t := (1, "two")
    |                  ^^^^^
  9 |     std.println("{}", t[0])
    |
