tests/compile/refuse/recipe_past_the_subset.ngpl:5:38: error: a dictionary literal is not part of a build recipe; a recipe binds names, tests them, loops, joins strings and calls the functions this file defines
  5 |     let h : mut std.dict(str, i64) = ⸨⸩
    |                                      ^
