error: in f: the value of this statement is not used; it computes something and nothing reads it, so write '_ ← …' where the value is meant to be dropped, or name a return type where it was meant to be handed back
  --> <repl:1>:2:5
    |
  2 |     1
    |     ^
    |
1
warning: 'step' is declared mut but is never modified
  --> <repl:3>:2:5
    |
  2 |     let step : mut i64 = 2
    |     ^^^
  3 |     n × step
    |
8i64
error: in P.a: the value of this statement is not used; it computes something and nothing reads it, so write '_ ← …' where the value is meant to be dropped, or name a return type where it was meant to be handed back
  --> <repl:6>:3:9
    |
  3 |         1
    |         ^
  4 |     fn b(&self):
    |
"still alive"
